// Jest Snapshot v1, https://goo.gl/fbAQLP

exports[`Pruebas en el <MultipleCustomHooks/> Debe de mostrarse correctamente 1`] = `
<div>
  <h1>
    BreakingBad Quotes
  </h1>
  <hr />
  <div
    className="alert alert-info text-center bg-dark text-white"
  >
    Loading...
  </div>
  <button
    className="btn btn-dark"
    onClick={[Function]}
  >
    Siguiente quote
  </button>
</div>
`;
