// Jest Snapshot v1, https://goo.gl/fbAQLP

exports[`Pruebas en <RealExampleRef/> Debe de mostrarse correctamente 1`] = `
<div>
  <h1>
    Real Example Ref
  </h1>
  <hr />
  <button
    className="btn btn-dark mt-3"
    onClick={[Function]}
  >
    Show/Hide
  </button>
</div>
`;
