// Jest Snapshot v1, https://goo.gl/fbAQLP

exports[`Pruebas en <HomeScreem/> Debe de mostrarse correctamente 1`] = `
<div>
  <h1>
    HomeScreem
  </h1>
  <hr />
  <pre>
    {
   "name": "Marlon",
   "email": "marlon@gmail.com"
}
  </pre>
</div>
`;
